// Jest Snapshot v1, https://goo.gl/fbAQLP

exports[`LoginForm.vue should match the snapshot 1`] = `
<div
  class="login-form"
>
  <div
    class="card shadow p-3 mb-5 bg-white rounded"
  >
    <div
      class="card-body"
    >
      <h4
        class="card-title text-center"
      >
        Simple Quora Login
      </h4>
       
      <form>
        <div
          class="form-group"
        >
          <label
            for="userName"
          >
            User name
          </label>
           
          <input
            aria-describedby="userNameHelp"
            class="form-control"
            id="userName"
            placeholder="Type user name"
            type="text"
          />
        </div>
         
        <div
          class="form-group"
        >
          <label
            for="exampleInputPassword1"
          >
            Password
          </label>
           
          <input
            class="form-control"
            id="exampleInputPassword1"
            placeholder="Type password"
            type="password"
          />
        </div>
         
        <button
          class="btn btn-primary"
          type="submit"
        >
          Login
        
        </button>
      </form>
       
      <!---->
    </div>
  </div>
</div>
`;
